INFO: [VRFC 10-2263] Analyzing Verilog file "D:/SoC examples/RISCY-V/RISCY-V.srcs/sources_1/new/ALU_Decoder.v" into library xil_defaultlib
INFO: [VRFC 10-311] analyzing module ALU_Decoder
INFO: [VRFC 10-2263] Analyzing Verilog file "D:/SoC examples/RISCY-V/RISCY-V.srcs/sources_1/new/Main_Decoder.v" into library xil_defaultlib
INFO: [VRFC 10-311] analyzing module Main_Decoder
INFO: [VRFC 10-2263] Analyzing Verilog file "D:/SoC examples/RISCY-V/RISCY-V.srcs/sources_1/new/Control_Unit.v" into library xil_defaultlib
INFO: [VRFC 10-311] analyzing module Control_Unit
INFO: [VRFC 10-2263] Analyzing Verilog file "D:/SoC examples/RISCY-V/RISCY-V.srcs/sources_1/new/ALU.v" into library xil_defaultlib
INFO: [VRFC 10-311] analyzing module ALU
INFO: [VRFC 10-2263] Analyzing Verilog file "D:/SoC examples/RISCY-V/RISCY-V.srcs/sources_1/new/Data_Memory.v" into library xil_defaultlib
INFO: [VRFC 10-311] analyzing module Data_Memory
INFO: [VRFC 10-2263] Analyzing Verilog file "D:/SoC examples/RISCY-V/RISCY-V.srcs/sources_1/new/Extend.v" into library xil_defaultlib
INFO: [VRFC 10-311] analyzing module Extend
INFO: [VRFC 10-2263] Analyzing Verilog file "D:/SoC examples/RISCY-V/RISCY-V.srcs/sources_1/new/Instruction_Memory.v" into library xil_defaultlib
INFO: [VRFC 10-311] analyzing module Instruction_Memory
INFO: [VRFC 10-2263] Analyzing Verilog file "D:/SoC examples/RISCY-V/RISCY-V.srcs/sources_1/new/MUX_PC.v" into library xil_defaultlib
INFO: [VRFC 10-311] analyzing module MUX_PC
INFO: [VRFC 10-2263] Analyzing Verilog file "D:/SoC examples/RISCY-V/RISCY-V.srcs/sources_1/new/MUX_ResultSrc.v" into library xil_defaultlib
INFO: [VRFC 10-311] analyzing module MUX_ResultSrc
INFO: [VRFC 10-2263] Analyzing Verilog file "D:/SoC examples/RISCY-V/RISCY-V.srcs/sources_1/new/Mux_ALUSrc.v" into library xil_defaultlib
INFO: [VRFC 10-311] analyzing module Mux_ALUSrc
INFO: [VRFC 10-2263] Analyzing Verilog file "D:/SoC examples/RISCY-V/RISCY-V.srcs/sources_1/new/PC.v" into library xil_defaultlib
INFO: [VRFC 10-311] analyzing module PC
INFO: [VRFC 10-2263] Analyzing Verilog file "D:/SoC examples/RISCY-V/RISCY-V.srcs/sources_1/new/PCTarget.v" into library xil_defaultlib
INFO: [VRFC 10-311] analyzing module PCTarget
INFO: [VRFC 10-2263] Analyzing Verilog file "D:/SoC examples/RISCY-V/RISCY-V.srcs/sources_1/new/PC_counter.v" into library xil_defaultlib
INFO: [VRFC 10-311] analyzing module PC_counter
INFO: [VRFC 10-2263] Analyzing Verilog file "D:/SoC examples/RISCY-V/RISCY-V.srcs/sources_1/new/Register_File.v" into library xil_defaultlib
INFO: [VRFC 10-311] analyzing module Register_File
INFO: [VRFC 10-2263] Analyzing Verilog file "D:/SoC examples/RISCY-V/RISCY-V.ip_user_files/bd/RISC_V/ip/RISC_V_Control_Unit_0_0/sim/RISC_V_Control_Unit_0_0.v" into library xil_defaultlib
INFO: [VRFC 10-311] analyzing module RISC_V_Control_Unit_0_0
INFO: [VRFC 10-2263] Analyzing Verilog file "D:/SoC examples/RISCY-V/RISCY-V.ip_user_files/bd/RISC_V/ip/RISC_V_ALU_0_0/sim/RISC_V_ALU_0_0.v" into library xil_defaultlib
INFO: [VRFC 10-311] analyzing module RISC_V_ALU_0_0
INFO: [VRFC 10-2263] Analyzing Verilog file "D:/SoC examples/RISCY-V/RISCY-V.ip_user_files/bd/RISC_V/ip/RISC_V_Data_Memory_0_0/sim/RISC_V_Data_Memory_0_0.v" into library xil_defaultlib
INFO: [VRFC 10-311] analyzing module RISC_V_Data_Memory_0_0
INFO: [VRFC 10-2263] Analyzing Verilog file "D:/SoC examples/RISCY-V/RISCY-V.ip_user_files/bd/RISC_V/ip/RISC_V_Extend_0_0/sim/RISC_V_Extend_0_0.v" into library xil_defaultlib
INFO: [VRFC 10-311] analyzing module RISC_V_Extend_0_0
INFO: [VRFC 10-2263] Analyzing Verilog file "D:/SoC examples/RISCY-V/RISCY-V.ip_user_files/bd/RISC_V/ip/RISC_V_Instruction_Memory_0_0/sim/RISC_V_Instruction_Memory_0_0.v" into library xil_defaultlib
INFO: [VRFC 10-311] analyzing module RISC_V_Instruction_Memory_0_0
INFO: [VRFC 10-2263] Analyzing Verilog file "D:/SoC examples/RISCY-V/RISCY-V.ip_user_files/bd/RISC_V/ip/RISC_V_MUX_PC_0_0/sim/RISC_V_MUX_PC_0_0.v" into library xil_defaultlib
INFO: [VRFC 10-311] analyzing module RISC_V_MUX_PC_0_0
INFO: [VRFC 10-2263] Analyzing Verilog file "D:/SoC examples/RISCY-V/RISCY-V.ip_user_files/bd/RISC_V/ip/RISC_V_MUX_ResultSrc_0_0/sim/RISC_V_MUX_ResultSrc_0_0.v" into library xil_defaultlib
INFO: [VRFC 10-311] analyzing module RISC_V_MUX_ResultSrc_0_0
INFO: [VRFC 10-2263] Analyzing Verilog file "D:/SoC examples/RISCY-V/RISCY-V.ip_user_files/bd/RISC_V/ip/RISC_V_Mux_ALUSrc_0_0/sim/RISC_V_Mux_ALUSrc_0_0.v" into library xil_defaultlib
INFO: [VRFC 10-311] analyzing module RISC_V_Mux_ALUSrc_0_0
INFO: [VRFC 10-2263] Analyzing Verilog file "D:/SoC examples/RISCY-V/RISCY-V.ip_user_files/bd/RISC_V/ip/RISC_V_PC_0_0/sim/RISC_V_PC_0_0.v" into library xil_defaultlib
INFO: [VRFC 10-311] analyzing module RISC_V_PC_0_0
INFO: [VRFC 10-2263] Analyzing Verilog file "D:/SoC examples/RISCY-V/RISCY-V.ip_user_files/bd/RISC_V/ip/RISC_V_PCTarget_0_0/sim/RISC_V_PCTarget_0_0.v" into library xil_defaultlib
INFO: [VRFC 10-311] analyzing module RISC_V_PCTarget_0_0
INFO: [VRFC 10-2263] Analyzing Verilog file "D:/SoC examples/RISCY-V/RISCY-V.ip_user_files/bd/RISC_V/ip/RISC_V_PC_counter_0_0/sim/RISC_V_PC_counter_0_0.v" into library xil_defaultlib
INFO: [VRFC 10-311] analyzing module RISC_V_PC_counter_0_0
INFO: [VRFC 10-2263] Analyzing Verilog file "D:/SoC examples/RISCY-V/RISCY-V.ip_user_files/bd/RISC_V/ip/RISC_V_Register_File_0_0/sim/RISC_V_Register_File_0_0.v" into library xil_defaultlib
INFO: [VRFC 10-311] analyzing module RISC_V_Register_File_0_0
INFO: [VRFC 10-2263] Analyzing Verilog file "D:/SoC examples/RISCY-V/RISCY-V.ip_user_files/bd/RISC_V/ip/RISC_V_clk_wiz_0_0/RISC_V_clk_wiz_0_0_clk_wiz.v" into library xil_defaultlib
INFO: [VRFC 10-311] analyzing module RISC_V_clk_wiz_0_0_clk_wiz
INFO: [VRFC 10-2263] Analyzing Verilog file "D:/SoC examples/RISCY-V/RISCY-V.ip_user_files/bd/RISC_V/ip/RISC_V_clk_wiz_0_0/RISC_V_clk_wiz_0_0.v" into library xil_defaultlib
INFO: [VRFC 10-311] analyzing module RISC_V_clk_wiz_0_0
INFO: [VRFC 10-2263] Analyzing Verilog file "D:/SoC examples/RISCY-V/RISCY-V.ip_user_files/bd/RISC_V/sim/RISC_V.v" into library xil_defaultlib
INFO: [VRFC 10-311] analyzing module RISC_V
INFO: [VRFC 10-2263] Analyzing Verilog file "D:/SoC examples/RISCY-V/RISCY-V.gen/sources_1/bd/RISC_V/hdl/RISC_V_wrapper.v" into library xil_defaultlib
INFO: [VRFC 10-311] analyzing module RISC_V_wrapper
