Vivado Simulator v2025.2
Copyright 1986-2022 Xilinx, Inc. All Rights Reserved.
Copyright 2022-2025 Advanced Micro Devices, Inc. All Rights Reserved.
Running: D:/SoC/2025.2/Vivado/bin/unwrapped/win64.o/xelab.exe --incr --debug typical --relax --mt 2 -L xil_defaultlib -L uvm -L unisims_ver -L unimacro_ver -L secureip -L xpm --snapshot RISC_V_wrapper_tb_behav xil_defaultlib.RISC_V_wrapper_tb xil_defaultlib.glbl -log elaborate.log 
Using 2 slave threads.
Starting static elaboration
Pass Through NonSizing Optimizer
Completed static elaboration
Starting simulation data flow analysis
Completed simulation data flow analysis
Time Resolution for simulation is 1ps
Compiling module xil_defaultlib.ALU
Compiling module xil_defaultlib.RISC_V_ALU_0_0
Compiling module xil_defaultlib.Main_Decoder
Compiling module xil_defaultlib.ALU_Decoder
Compiling module xil_defaultlib.Control_Unit
Compiling module xil_defaultlib.RISC_V_Control_Unit_0_0
Compiling module xil_defaultlib.Data_Memory
Compiling module xil_defaultlib.RISC_V_Data_Memory_0_0
Compiling module xil_defaultlib.Extend
Compiling module xil_defaultlib.RISC_V_Extend_0_0
Compiling module xil_defaultlib.Instruction_Memory
Compiling module xil_defaultlib.RISC_V_Instruction_Memory_0_0
Compiling module xil_defaultlib.MUX_PC
Compiling module xil_defaultlib.RISC_V_MUX_PC_0_0
Compiling module xil_defaultlib.MUX_ResultSrc
Compiling module xil_defaultlib.RISC_V_MUX_ResultSrc_0_0
Compiling module xil_defaultlib.Mux_ALUSrc
Compiling module xil_defaultlib.RISC_V_Mux_ALUSrc_0_0
Compiling module xil_defaultlib.PCTarget
Compiling module xil_defaultlib.RISC_V_PCTarget_0_0
Compiling module xil_defaultlib.PC
Compiling module xil_defaultlib.RISC_V_PC_0_0
Compiling module xil_defaultlib.PC_counter
Compiling module xil_defaultlib.RISC_V_PC_counter_0_0
Compiling module xil_defaultlib.Register_File
Compiling module xil_defaultlib.RISC_V_Register_File_0_0
Compiling module unisims_ver.IBUF
Compiling module unisims_ver.MMCME2_ADV(CLKFBOUT_MULT_F=10.0,...
Compiling module unisims_ver.BUFG
Compiling module xil_defaultlib.RISC_V_clk_wiz_0_0_clk_wiz
Compiling module xil_defaultlib.RISC_V_clk_wiz_0_0
Compiling module xil_defaultlib.RISC_V
Compiling module xil_defaultlib.RISC_V_wrapper
Compiling module xil_defaultlib.RISC_V_wrapper_tb
Compiling module xil_defaultlib.glbl
Built simulation snapshot RISC_V_wrapper_tb_behav
