Time resolution is 1 ps
================================================
Bat dau mo phong RISC-V
Clock Wizard va PC dang reset
================================================
[0] locked_0 thay doi thanh 0
[5000] clk_rst=1 pc_rst=1 locked=0 C=0 N=0 V=0
[15000] clk_rst=1 pc_rst=1 locked=0 C=0 N=0 V=0
[25000] clk_rst=1 pc_rst=1 locked=0 C=0 N=0 V=0
[35000] clk_rst=1 pc_rst=1 locked=0 C=0 N=0 V=0
[45000] clk_rst=1 pc_rst=1 locked=0 C=0 N=0 V=0
[55000] clk_rst=1 pc_rst=1 locked=0 C=0 N=0 V=0
[65000] clk_rst=1 pc_rst=1 locked=0 C=0 N=0 V=0
[75000] clk_rst=1 pc_rst=1 locked=0 C=0 N=0 V=0
[85000] clk_rst=1 pc_rst=1 locked=0 C=0 N=0 V=0
[95000] clk_rst=1 pc_rst=1 locked=0 C=0 N=0 V=0
[100000] Da nha clk_rst, cho Clock Wizard lock.
[105000] clk_rst=0 pc_rst=1 locked=0 C=0 N=0 V=0
[115000] clk_rst=0 pc_rst=1 locked=0 C=0 N=0 V=0
[125000] clk_rst=0 pc_rst=1 locked=0 C=0 N=0 V=0
[135000] clk_rst=0 pc_rst=1 locked=0 C=0 N=0 V=0
[145000] clk_rst=0 pc_rst=1 locked=0 C=0 N=0 V=0
[155000] clk_rst=0 pc_rst=1 locked=0 C=0 N=0 V=0
[165000] clk_rst=0 pc_rst=1 locked=0 C=0 N=0 V=0
[175000] clk_rst=0 pc_rst=1 locked=0 C=0 N=0 V=0
[185000] clk_rst=0 pc_rst=1 locked=0 C=0 N=0 V=0
[195000] clk_rst=0 pc_rst=1 locked=0 C=0 N=0 V=0
[205000] clk_rst=0 pc_rst=1 locked=0 C=0 N=0 V=0
[215000] clk_rst=0 pc_rst=1 locked=0 C=0 N=0 V=0
[225000] clk_rst=0 pc_rst=1 locked=0 C=0 N=0 V=0
[235000] clk_rst=0 pc_rst=1 locked=0 C=0 N=0 V=0
[245000] clk_rst=0 pc_rst=1 locked=0 C=0 N=0 V=0
[255000] clk_rst=0 pc_rst=1 locked=0 C=0 N=0 V=0
[265000] clk_rst=0 pc_rst=1 locked=0 C=0 N=0 V=0
[275000] clk_rst=0 pc_rst=1 locked=0 C=0 N=0 V=0
[285000] clk_rst=0 pc_rst=1 locked=0 C=0 N=0 V=0
[295000] clk_rst=0 pc_rst=1 locked=0 C=0 N=0 V=0
[305000] clk_rst=0 pc_rst=1 locked=0 C=0 N=0 V=0
[315000] clk_rst=0 pc_rst=1 locked=0 C=0 N=0 V=0
[325000] clk_rst=0 pc_rst=1 locked=0 C=0 N=0 V=0
[335000] clk_rst=0 pc_rst=1 locked=0 C=0 N=0 V=0
[345000] clk_rst=0 pc_rst=1 locked=0 C=0 N=0 V=0
[355000] clk_rst=0 pc_rst=1 locked=0 C=0 N=0 V=0
[365000] clk_rst=0 pc_rst=1 locked=0 C=0 N=0 V=0
[375000] clk_rst=0 pc_rst=1 locked=0 C=0 N=0 V=0
[385000] clk_rst=0 pc_rst=1 locked=0 C=0 N=0 V=0
[395000] clk_rst=0 pc_rst=1 locked=0 C=0 N=0 V=0
[405000] clk_rst=0 pc_rst=1 locked=0 C=0 N=0 V=0
[415000] clk_rst=0 pc_rst=1 locked=0 C=0 N=0 V=0
[425000] clk_rst=0 pc_rst=1 locked=0 C=0 N=0 V=0
[435000] clk_rst=0 pc_rst=1 locked=0 C=0 N=0 V=0
[445000] clk_rst=0 pc_rst=1 locked=0 C=0 N=0 V=0
[455000] clk_rst=0 pc_rst=1 locked=0 C=0 N=0 V=0
[465000] clk_rst=0 pc_rst=1 locked=0 C=0 N=0 V=0
[475000] clk_rst=0 pc_rst=1 locked=0 C=0 N=0 V=0
[485000] clk_rst=0 pc_rst=1 locked=0 C=0 N=0 V=0
[495000] clk_rst=0 pc_rst=1 locked=0 C=0 N=0 V=0
[505000] clk_rst=0 pc_rst=1 locked=0 C=0 N=0 V=0
[515000] clk_rst=0 pc_rst=1 locked=0 C=0 N=0 V=0
[525000] clk_rst=0 pc_rst=1 locked=0 C=0 N=0 V=0
[535000] clk_rst=0 pc_rst=1 locked=0 C=0 N=0 V=0
[545000] clk_rst=0 pc_rst=1 locked=0 C=0 N=0 V=0
[555000] clk_rst=0 pc_rst=1 locked=0 C=0 N=0 V=0
[555000] Clock Wizard da locked.
[555000] locked_0 thay doi thanh 1
[565000] clk_rst=0 pc_rst=1 locked=1 C=0 N=0 V=0
[575000] clk_rst=0 pc_rst=1 locked=1 C=0 N=0 V=0
[585000] clk_rst=0 pc_rst=1 locked=1 C=0 N=0 V=0
[595000] clk_rst=0 pc_rst=1 locked=1 C=0 N=0 V=0
[605000] clk_rst=0 pc_rst=1 locked=1 C=0 N=0 V=0
[610000] Da nha pc_rst, CPU bat dau chay.
[615000] clk_rst=0 pc_rst=0 locked=1 C=0 N=0 V=0
[625000] clk_rst=0 pc_rst=0 locked=1 C=0 N=0 V=0
[635000] clk_rst=0 pc_rst=0 locked=1 C=0 N=0 V=0
[645000] clk_rst=0 pc_rst=0 locked=1 C=1 N=0 V=0
[655000] clk_rst=0 pc_rst=0 locked=1 C=0 N=0 V=0
[665000] clk_rst=0 pc_rst=0 locked=1 C=0 N=0 V=0
[675000] clk_rst=0 pc_rst=0 locked=1 C=0 N=0 V=0
[685000] clk_rst=0 pc_rst=0 locked=1 C=0 N=0 V=0
[695000] clk_rst=0 pc_rst=0 locked=1 C=0 N=0 V=0
[705000] clk_rst=0 pc_rst=0 locked=1 C=0 N=0 V=0
[715000] clk_rst=0 pc_rst=0 locked=1 C=1 N=0 V=0
[725000] clk_rst=0 pc_rst=0 locked=1 C=0 N=0 V=0
[735000] clk_rst=0 pc_rst=0 locked=1 C=0 N=0 V=0
[745000] clk_rst=0 pc_rst=0 locked=1 C=0 N=0 V=0
[755000] clk_rst=0 pc_rst=0 locked=1 C=1 N=0 V=0
[765000] clk_rst=0 pc_rst=0 locked=1 C=1 N=0 V=0
[775000] clk_rst=0 pc_rst=0 locked=1 C=1 N=0 V=0
[785000] clk_rst=0 pc_rst=0 locked=1 C=1 N=0 V=0
[795000] clk_rst=0 pc_rst=0 locked=1 C=1 N=0 V=0
[805000] clk_rst=0 pc_rst=0 locked=1 C=1 N=0 V=0
[815000] clk_rst=0 pc_rst=0 locked=1 C=1 N=0 V=0
[825000] clk_rst=0 pc_rst=0 locked=1 C=1 N=0 V=0
[835000] clk_rst=0 pc_rst=0 locked=1 C=1 N=0 V=0
[845000] clk_rst=0 pc_rst=0 locked=1 C=1 N=0 V=0
[855000] clk_rst=0 pc_rst=0 locked=1 C=1 N=0 V=0
[865000] clk_rst=0 pc_rst=0 locked=1 C=1 N=0 V=0
[875000] clk_rst=0 pc_rst=0 locked=1 C=1 N=0 V=0
[885000] clk_rst=0 pc_rst=0 locked=1 C=1 N=0 V=0
[895000] clk_rst=0 pc_rst=0 locked=1 C=1 N=0 V=0
[905000] clk_rst=0 pc_rst=0 locked=1 C=1 N=0 V=0
[915000] clk_rst=0 pc_rst=0 locked=1 C=1 N=0 V=0
[925000] clk_rst=0 pc_rst=0 locked=1 C=1 N=0 V=0
[935000] clk_rst=0 pc_rst=0 locked=1 C=1 N=0 V=0
[945000] clk_rst=0 pc_rst=0 locked=1 C=1 N=0 V=0
[955000] clk_rst=0 pc_rst=0 locked=1 C=1 N=0 V=0
[965000] clk_rst=0 pc_rst=0 locked=1 C=1 N=0 V=0
[975000] clk_rst=0 pc_rst=0 locked=1 C=1 N=0 V=0
[985000] clk_rst=0 pc_rst=0 locked=1 C=1 N=0 V=0
[995000] clk_rst=0 pc_rst=0 locked=1 C=1 N=0 V=0
