Vivado Simulator v2025.2
Copyright 1986-2022 Xilinx, Inc. All Rights Reserved.
Copyright 2022-2025 Advanced Micro Devices, Inc. All Rights Reserved.
Running: D:/SoC/2025.2/Vivado/bin/unwrapped/win64.o/xelab.exe --incr --debug typical --relax --mt 2 -L xil_defaultlib -L uvm -L unisims_ver -L unimacro_ver -L secureip -L xpm --snapshot tb_system_sv_behav xil_defaultlib.tb_system_sv xil_defaultlib.glbl -log elaborate.log 
Using 2 slave threads.
Starting static elaboration
Pass Through NonSizing Optimizer
Completed static elaboration
Starting simulation data flow analysis
Completed simulation data flow analysis
Time Resolution for simulation is 1ps
Compiling module xil_defaultlib.Requester
Compiling module xil_defaultlib.design_3_Requester_0_0
Compiling module unisims_ver.IBUF
Compiling module unisims_ver.MMCME2_ADV(CLKFBOUT_MULT_F=10.0,...
Compiling module unisims_ver.BUFG
Compiling module xil_defaultlib.design_3_clk_wiz_0_clk_wiz
Compiling module xil_defaultlib.design_3_clk_wiz_0
Compiling module unisims_ver.MMCME2_ADV(CLKFBOUT_MULT_F=10.0,...
Compiling module xil_defaultlib.design_3_clk_wiz_1_0_clk_wiz
Compiling module xil_defaultlib.design_3_clk_wiz_1_0
Compiling module xil_defaultlib.completer_1
Compiling module xil_defaultlib.design_3_completer_1_0_0
Compiling module xil_defaultlib.LENGTH
Compiling module xil_defaultlib.design_FIFO_test_LENGTH_0_0
Compiling module xil_defaultlib.READY_CONDITION
Compiling module xil_defaultlib.design_FIFO_test_READY_CONDITION...
Compiling module xil_defaultlib.STOP_WRINC
Compiling module xil_defaultlib.design_FIFO_test_STOP_WRINC_0_0
Compiling module xil_defaultlib.design_FIFO_test_clk_wiz_1_0_clk...
Compiling module xil_defaultlib.design_FIFO_test_clk_wiz_1_0
Compiling module xil_defaultlib.design_FIFO_test_clk_wiz_0_0_clk...
Compiling module xil_defaultlib.design_FIFO_test_clk_wiz_0_0
Compiling module xil_defaultlib.async_cmp_default
Compiling module xil_defaultlib.fifomem_default
Compiling module xil_defaultlib.rptr_empty
Compiling module xil_defaultlib.wptr_full
Compiling module xil_defaultlib.fifo2
Compiling module xil_defaultlib.design_FIFO_test_fifo2_0_0
Compiling module xil_defaultlib.design_FIFO_test_fifo2_1_0
Compiling module xil_defaultlib.design_FIFO_test
Compiling module xil_defaultlib.design_3_design_FIFO_test_0_0
Compiling module xil_defaultlib.design_3
Compiling module xil_defaultlib.design_3_wrapper
Compiling module xil_defaultlib.tb_system_sv
Compiling module xil_defaultlib.glbl
Built simulation snapshot tb_system_sv_behav
