Time resolution is 1 ps
[200000] Dang doi Clock Wizard Locked...
Warning: [Unisim MMCME2_ADV-20] Input CLKIN1 period and attribute CLKIN1_PERIOD are not same. Instance tb_system_sv.DUT.design_3_i.clk_wiz.inst.mmcm_adv_inst 
Warning: [Unisim MMCME2_ADV-20] Input CLKIN1 period and attribute CLKIN1_PERIOD are not same. Instance tb_system_sv.DUT.design_3_i.design_FIFO_test_0.inst.clk_wiz_com.inst.mmcm_adv_inst 
[200000] Dang doi Clock Wizard Locked...
Warning: [Unisim MMCME2_ADV-20] Input CLKIN1 period and attribute CLKIN1_PERIOD are not same. Instance tb_system_sv.DUT.design_3_i.clk_wiz.inst.mmcm_adv_inst 
Warning: [Unisim MMCME2_ADV-20] Input CLKIN1 period and attribute CLKIN1_PERIOD are not same. Instance tb_system_sv.DUT.design_3_i.design_FIFO_test_0.inst.clk_wiz_com.inst.mmcm_adv_inst 
[1040000] He thong da san sang hoat dong!
[1045000] Bat dau ghi du lieu...
[1075000] Cho du lieu dong bo...
[1275000] Bat dau DOC du lieu...
[1695000] Hoan tat giao dich! Kiem tra req_out tren Waveform.
$finish called at time : 1695 ns : File "D:/SoC examples/project_1/project_1.srcs/sources_1/new/tb_system_sv.sv" Line 160
[200000] Dang doi Clock Wizard Locked...
Warning: [Unisim MMCME2_ADV-20] Input CLKIN1 period and attribute CLKIN1_PERIOD are not same. Instance tb_system_sv.DUT.design_3_i.clk_wiz.inst.mmcm_adv_inst 
Warning: [Unisim MMCME2_ADV-20] Input CLKIN1 period and attribute CLKIN1_PERIOD are not same. Instance tb_system_sv.DUT.design_3_i.design_FIFO_test_0.inst.clk_wiz_com.inst.mmcm_adv_inst 
[1040000] He thong da san sang hoat dong!
[1045000] Bat dau ghi du lieu...
[1075000] Cho du lieu dong bo...
[1275000] Bat dau DOC du lieu...
[1695000] Hoan tat giao dich! Kiem tra req_out tren Waveform.
$finish called at time : 1695 ns : File "D:/SoC examples/project_1/project_1.srcs/sources_1/new/tb_system_sv.sv" Line 160
