Vivado Simulator v2025.2
Copyright 1986-2022 Xilinx, Inc. All Rights Reserved.
Copyright 2022-2025 Advanced Micro Devices, Inc. All Rights Reserved.
Running: D:/SoC/2025.2/Vivado/bin/unwrapped/win64.o/xelab.exe --incr --debug typical --relax --mt 2 -L xil_defaultlib -L proc_sys_reset_v5_0_17 -L uvm -L unisims_ver -L unimacro_ver -L secureip -L xpm --snapshot design_1_wrapper_tb_behav xil_defaultlib.design_1_wrapper_tb xil_defaultlib.glbl -log elaborate.log 
Using 2 slave threads.
Starting static elaboration
Pass Through NonSizing Optimizer
WARNING: [VRFC 10-5021] port 'mb_reset' is not connected on this instance [D:/SoC examples/RISC-V Multicycle/RISC-V Multicycle.ip_user_files/bd/design_1/sim/design_1.v:169]
Completed static elaboration
Starting simulation data flow analysis
Completed simulation data flow analysis
Time Resolution for simulation is 1ps
Compiling package std.standard
Compiling package std.textio
Compiling package ieee.std_logic_1164
Compiling package ieee.numeric_std
Compiling package unisim.vcomponents
Compiling package ieee.vital_timing
Compiling package ieee.vital_primitives
Compiling package unisim.vpkg
Compiling package ieee.std_logic_arith
Compiling package xpm.vcomponents
Compiling module xil_defaultlib.ALU
Compiling module xil_defaultlib.design_1_ALU_0_0
Compiling module xil_defaultlib.Extend
Compiling module xil_defaultlib.design_1_Extend_0_0
Compiling module xil_defaultlib.Ins_Data_Memory
Compiling module xil_defaultlib.design_1_Ins_Data_Memory_0_0
Compiling module xil_defaultlib.MUX_ALUSrc
Compiling module xil_defaultlib.design_1_MUX_ALUSrc_0_0
Compiling module xil_defaultlib.design_1_MUX_ALUSrc_1_0
Compiling module xil_defaultlib.MUX_ResultSrc
Compiling module xil_defaultlib.design_1_MUX_ResultSrc_0_0
Compiling module xil_defaultlib.Main_FSM
Compiling module xil_defaultlib.Instruction_Decoder
Compiling module xil_defaultlib.ALU_Decoder_Multicycle
Compiling module xil_defaultlib.Multicycle_Control_Unit
Compiling module xil_defaultlib.design_1_Multicycle_Control_U_0_...
Compiling module xil_defaultlib.Mux_AddSrc
Compiling module xil_defaultlib.design_1_Mux_AddSrc_0_0
Compiling module xil_defaultlib.PC
Compiling module xil_defaultlib.design_1_PC_0_0
Compiling module xil_defaultlib.Register
Compiling module xil_defaultlib.design_1_Register_0_0
Compiling module xil_defaultlib.design_1_Register_1_0
Compiling module xil_defaultlib.design_1_Register_2_0
Compiling module xil_defaultlib.design_1_Register_3_0
Compiling module xil_defaultlib.Register_File
Compiling module xil_defaultlib.design_1_Register_File_0_0
Compiling module xil_defaultlib.Register_IRWrite
Compiling module xil_defaultlib.design_1_Register_IRWrite_1_0
Compiling module unisims_ver.IBUF
Compiling module unisims_ver.MMCME2_ADV(CLKFBOUT_MULT_F=10.0,...
Compiling module unisims_ver.BUFG
Compiling module xil_defaultlib.design_1_clk_wiz_0_0_clk_wiz
Compiling module xil_defaultlib.design_1_clk_wiz_0_0
Compiling architecture fdre_v of entity unisim.FDRE [fdre_default]
Compiling architecture fdre_v of entity unisim.FDRE [\FDRE(init='1')\]
Compiling architecture srl16e_v of entity unisim.SRL16E [\SRL16E(init="1111111111111111")...]
Compiling architecture srl16_v of entity unisim.SRL16 [\SRL16(init="1111111111111111")(...]
Compiling module xpm.xpm_cdc_single(DEST_SYNC_FF=4,IN...
Compiling architecture imp of entity proc_sys_reset_v5_0_17.lpf [\lpf(c_ext_rst_width=4,c_aux_rst...]
Compiling architecture imp of entity proc_sys_reset_v5_0_17.upcnt_n [\upcnt_n(c_size=6)\]
Compiling architecture imp of entity proc_sys_reset_v5_0_17.sequence_psr [sequence_psr_default]
Compiling architecture imp of entity proc_sys_reset_v5_0_17.proc_sys_reset [\proc_sys_reset(c_family="artix7...]
Compiling architecture design_1_proc_sys_reset_0_0_arch of entity xil_defaultlib.design_1_proc_sys_reset_0_0 [design_1_proc_sys_reset_0_0_defa...]
Compiling module xil_defaultlib.design_1
Compiling module xil_defaultlib.design_1_wrapper
Compiling module xil_defaultlib.design_1_wrapper_tb
Compiling module xil_defaultlib.glbl
Built simulation snapshot design_1_wrapper_tb_behav
