Time resolution is 1 ps
======================================================
Start RISC-V multicycle simulation
======================================================
[100000 ns] External reset released.
[555000 ns] Clock Wizard locked.
[565000 ns] state=0 (FETCH) C=0 N=0 V=0
[575000 ns] state=0 (FETCH) C=0 N=0 V=0
[585000 ns] state=0 (FETCH) C=0 N=0 V=0
[595000 ns] state=0 (FETCH) C=0 N=0 V=0
[605000 ns] state=0 (FETCH) C=0 N=0 V=0
[615000 ns] state=0 (FETCH) C=0 N=0 V=0
[625000 ns] state=0 (FETCH) C=0 N=0 V=0
[635000 ns] state=0 (FETCH) C=0 N=0 V=0
[645000 ns] state=0 (FETCH) C=0 N=0 V=0
[655000 ns] state=0 (FETCH) C=0 N=0 V=0
[665000 ns] state=0 (FETCH) C=0 N=0 V=0
[675000 ns] state=0 (FETCH) C=0 N=0 V=0
[685000 ns] state=0 (FETCH) C=0 N=0 V=0
[695000 ns] state=0 (FETCH) C=0 N=0 V=0
[705000 ns] state=0 (FETCH) C=0 N=0 V=0
[715000 ns] state=0 (FETCH) C=0 N=0 V=0
[725000 ns] state=0 (FETCH) C=0 N=0 V=0
[735000 ns] state=0 (FETCH) C=0 N=0 V=0
[745000 ns] state=0 (FETCH) C=0 N=0 V=0
[755000 ns] Finish releasing the CPU synchronously
[755000 ns] state=0 (FETCH) C=0 N=0 V=0
[765000 ns] state=0 (FETCH) C=0 N=0 V=0
[775000 ns] state=0 (FETCH) C=0 N=0 V=0
[785000 ns] state=0 (FETCH) C=0 N=0 V=0
[795000 ns] state=0 (FETCH) C=0 N=0 V=0
[805000 ns] state=0 (FETCH) C=0 N=0 V=0
[815000 ns] state=0 (FETCH) C=0 N=0 V=0
[825000 ns] state=0 (FETCH) C=0 N=0 V=0
[835000 ns] state=0 (FETCH) C=0 N=0 V=0
[845000 ns] state=0 (FETCH) C=0 N=0 V=0
[855000 ns] state=0 (FETCH) C=0 N=0 V=0
[865000 ns] state=0 (FETCH) C=0 N=0 V=0
[875000 ns] state=0 (FETCH) C=0 N=0 V=0
[885000 ns] state=0 (FETCH) C=0 N=0 V=0
[895000 ns] state=0 (FETCH) C=0 N=0 V=0
[905000 ns] state=0 (FETCH) C=0 N=0 V=0
[915000 ns] state=0 (FETCH) C=0 N=0 V=0
[925000 ns] state=0 (FETCH) C=0 N=0 V=0
[935000 ns] state=0 (FETCH) C=0 N=0 V=0
[945000 ns] state=0 (FETCH) C=0 N=0 V=0
[955000 ns] state=0 (FETCH) C=0 N=0 V=0
[965000 ns] state=0 (FETCH) C=0 N=0 V=0
[975000 ns] state=0 (FETCH) C=0 N=0 V=0
[985000 ns] state=0 (FETCH) C=0 N=0 V=0
[995000 ns] state=0 (FETCH) C=0 N=0 V=0
======================================================
Start RISC-V multicycle simulation
======================================================
[100000 ns] External reset released.
[555000 ns] Clock Wizard locked.
[565000 ns] state=0 (FETCH) C=0 N=0 V=0
[575000 ns] state=0 (FETCH) C=0 N=0 V=0
[585000 ns] state=0 (FETCH) C=0 N=0 V=0
[595000 ns] state=0 (FETCH) C=0 N=0 V=0
[605000 ns] state=0 (FETCH) C=0 N=0 V=0
[615000 ns] state=0 (FETCH) C=0 N=0 V=0
[625000 ns] state=0 (FETCH) C=0 N=0 V=0
[635000 ns] state=0 (FETCH) C=0 N=0 V=0
[645000 ns] state=0 (FETCH) C=0 N=0 V=0
[655000 ns] state=0 (FETCH) C=0 N=0 V=0
[665000 ns] state=0 (FETCH) C=0 N=0 V=0
[675000 ns] state=0 (FETCH) C=0 N=0 V=0
[685000 ns] state=0 (FETCH) C=0 N=0 V=0
[695000 ns] state=0 (FETCH) C=0 N=0 V=0
[705000 ns] state=0 (FETCH) C=0 N=0 V=0
[715000 ns] state=0 (FETCH) C=0 N=0 V=0
[725000 ns] state=0 (FETCH) C=0 N=0 V=0
[735000 ns] state=0 (FETCH) C=0 N=0 V=0
[745000 ns] state=0 (FETCH) C=0 N=0 V=0
[755000 ns] Finish releasing the CPU synchronously
[755000 ns] state=0 (FETCH) C=0 N=0 V=0
[765000 ns] state=0 (FETCH) C=0 N=0 V=0
[775000 ns] state=0 (FETCH) C=0 N=0 V=0
[785000 ns] state=0 (FETCH) C=0 N=0 V=0
[795000 ns] state=0 (FETCH) C=0 N=0 V=0
[805000 ns] state=0 (FETCH) C=0 N=0 V=0
[815000 ns] state=0 (FETCH) C=0 N=0 V=0
[825000 ns] state=0 (FETCH) C=0 N=0 V=0
[835000 ns] state=0 (FETCH) C=0 N=0 V=0
[845000 ns] state=0 (FETCH) C=0 N=0 V=0
[855000 ns] state=0 (FETCH) C=0 N=0 V=0
[865000 ns] state=0 (FETCH) C=0 N=0 V=0
[875000 ns] state=0 (FETCH) C=0 N=0 V=0
[885000 ns] state=0 (FETCH) C=0 N=0 V=0
[895000 ns] state=0 (FETCH) C=0 N=0 V=0
[905000 ns] state=0 (FETCH) C=0 N=0 V=0
[915000 ns] state=0 (FETCH) C=0 N=0 V=0
[925000 ns] state=0 (FETCH) C=0 N=0 V=0
[935000 ns] state=0 (FETCH) C=0 N=0 V=0
[945000 ns] state=0 (FETCH) C=0 N=0 V=0
[955000 ns] state=0 (FETCH) C=0 N=0 V=0
[965000 ns] state=0 (FETCH) C=0 N=0 V=0
[975000 ns] state=0 (FETCH) C=0 N=0 V=0
[985000 ns] state=0 (FETCH) C=0 N=0 V=0
[995000 ns] state=0 (FETCH) C=0 N=0 V=0
[1005000 ns] state=0 (FETCH) C=0 N=0 V=0
[1015000 ns] state=0 (FETCH) C=0 N=0 V=0
[1025000 ns] state=0 (FETCH) C=0 N=0 V=0
[1035000 ns] state=0 (FETCH) C=0 N=0 V=0
[1045000 ns] state=1 (DECODE) C=0 N=0 V=0
[1055000 ns] state=8 (EXEC_I) C=0 N=0 V=0
[1065000 ns] state=7 (ALU_WB) C=x N=x V=x
[1075000 ns] state=0 (FETCH) C=0 N=0 V=0
[1085000 ns] state=1 (DECODE) C=0 N=0 V=0
[1095000 ns] state=8 (EXEC_I) C=0 N=0 V=0
[1105000 ns] state=7 (ALU_WB) C=x N=x V=x
[1115000 ns] state=0 (FETCH) C=0 N=0 V=0
[1125000 ns] state=1 (DECODE) C=0 N=0 V=0
[1135000 ns] state=6 (EXEC_R) C=0 N=0 V=0
[1145000 ns] state=7 (ALU_WB) C=0 N=0 V=0
[1155000 ns] state=0 (FETCH) C=0 N=0 V=0
[1165000 ns] state=1 (DECODE) C=0 N=0 V=0
[1175000 ns] state=6 (EXEC_R) C=1 N=0 V=0
[1185000 ns] state=7 (ALU_WB) C=0 N=0 V=0
[1195000 ns] state=0 (FETCH) C=0 N=0 V=0
[1205000 ns] state=1 (DECODE) C=0 N=0 V=0
[1215000 ns] state=6 (EXEC_R) C=0 N=0 V=0
[1225000 ns] state=7 (ALU_WB) C=0 N=0 V=0
[1235000 ns] state=0 (FETCH) C=0 N=0 V=0
[1245000 ns] state=1 (DECODE) C=0 N=0 V=0
[1255000 ns] state=6 (EXEC_R) C=0 N=0 V=0
[1265000 ns] state=7 (ALU_WB) C=0 N=0 V=0
[1275000 ns] state=0 (FETCH) C=0 N=0 V=0
[1285000 ns] state=1 (DECODE) C=0 N=0 V=0
[1295000 ns] state=6 (EXEC_R) C=0 N=0 V=0
[1305000 ns] state=7 (ALU_WB) C=0 N=0 V=0
[1315000 ns] state=0 (FETCH) C=0 N=0 V=0
[1325000 ns] state=1 (DECODE) C=0 N=0 V=0
[1335000 ns] state=8 (EXEC_I) C=0 N=0 V=0
[1345000 ns] state=7 (ALU_WB) C=x N=x V=x
[1355000 ns] state=0 (FETCH) C=0 N=0 V=0
[1365000 ns] state=1 (DECODE) C=0 N=0 V=0
[1375000 ns] state=2 (MEM_ADR) C=0 N=0 V=0
[1385000 ns] state=5 (MEM_WRITE) C=0 N=0 V=0
[1395000 ns] state=0 (FETCH) C=0 N=0 V=0
[1405000 ns] state=1 (DECODE) C=0 N=0 V=0
[1415000 ns] state=2 (MEM_ADR) C=0 N=0 V=0
[1425000 ns] state=3 (MEM_READ) C=0 N=0 V=0
[1435000 ns] state=4 (MEM_WB) C=0 N=0 V=0
[1445000 ns] state=0 (FETCH) C=0 N=0 V=0
