INFO: [VRFC 10-2263] Analyzing Verilog file "D:/SoC examples/RISCY-V/RISCY-V.srcs/sources_1/new/PC.v" into library xil_defaultlib
INFO: [VRFC 10-311] analyzing module PC
INFO: [VRFC 10-2263] Analyzing Verilog file "D:/SoC examples/RISC-V Multicycle/RISC-V Multicycle.srcs/sources_1/new/AddSrc.v" into library xil_defaultlib
INFO: [VRFC 10-311] analyzing module Mux_AddSrc
INFO: [VRFC 10-2263] Analyzing Verilog file "D:/SoC examples/RISC-V Multicycle/RISC-V Multicycle.srcs/sources_1/new/Ins_Data_Memory.v" into library xil_defaultlib
INFO: [VRFC 10-311] analyzing module Ins_Data_Memory
INFO: [VRFC 10-2263] Analyzing Verilog file "D:/SoC examples/RISC-V Multicycle/RISC-V Multicycle.srcs/sources_1/new/Register.v" into library xil_defaultlib
INFO: [VRFC 10-311] analyzing module Register
INFO: [VRFC 10-2263] Analyzing Verilog file "D:/SoC examples/RISC-V Multicycle/RISC-V Multicycle.srcs/sources_1/new/Register_IRWrite.v" into library xil_defaultlib
INFO: [VRFC 10-311] analyzing module Register_IRWrite
INFO: [VRFC 10-2263] Analyzing Verilog file "D:/SoC examples/RISCY-V/RISCY-V.srcs/sources_1/new/Register_File.v" into library xil_defaultlib
INFO: [VRFC 10-311] analyzing module Register_File
INFO: [VRFC 10-2263] Analyzing Verilog file "D:/SoC examples/RISCY-V/RISCY-V.srcs/sources_1/new/Extend.v" into library xil_defaultlib
INFO: [VRFC 10-311] analyzing module Extend
INFO: [VRFC 10-2263] Analyzing Verilog file "D:/SoC examples/RISC-V Multicycle/RISC-V Multicycle.srcs/sources_1/new/MUX_ALUSrc.v" into library xil_defaultlib
INFO: [VRFC 10-311] analyzing module MUX_ALUSrc
INFO: [VRFC 10-2263] Analyzing Verilog file "D:/SoC examples/RISCY-V/RISCY-V.srcs/sources_1/new/ALU.v" into library xil_defaultlib
INFO: [VRFC 10-311] analyzing module ALU
INFO: [VRFC 10-2263] Analyzing Verilog file "D:/SoC examples/RISCY-V/RISCY-V.srcs/sources_1/new/MUX_ResultSrc.v" into library xil_defaultlib
INFO: [VRFC 10-311] analyzing module MUX_ResultSrc
INFO: [VRFC 10-2263] Analyzing Verilog file "D:/SoC examples/RISC-V Multicycle/RISC-V Multicycle.srcs/sources_1/new/ALU_Decoder_Multicycle.v" into library xil_defaultlib
INFO: [VRFC 10-311] analyzing module ALU_Decoder_Multicycle
INFO: [VRFC 10-2263] Analyzing Verilog file "D:/SoC examples/RISC-V Multicycle/RISC-V Multicycle.srcs/sources_1/new/Instruction_Decoder.v" into library xil_defaultlib
INFO: [VRFC 10-311] analyzing module Instruction_Decoder
INFO: [VRFC 10-2263] Analyzing Verilog file "D:/SoC examples/RISC-V Multicycle/RISC-V Multicycle.srcs/sources_1/new/Main_FSM.v" into library xil_defaultlib
INFO: [VRFC 10-311] analyzing module Main_FSM
INFO: [VRFC 10-2263] Analyzing Verilog file "D:/SoC examples/RISC-V Multicycle/RISC-V Multicycle.srcs/sources_1/new/Multicycle_Control_Unit.v" into library xil_defaultlib
INFO: [VRFC 10-311] analyzing module Multicycle_Control_Unit
INFO: [VRFC 10-2263] Analyzing Verilog file "D:/SoC examples/RISC-V Multicycle/RISC-V Multicycle.ip_user_files/bd/design_1/ip/design_1_PC_0_0/sim/design_1_PC_0_0.v" into library xil_defaultlib
INFO: [VRFC 10-311] analyzing module design_1_PC_0_0
INFO: [VRFC 10-2263] Analyzing Verilog file "D:/SoC examples/RISC-V Multicycle/RISC-V Multicycle.ip_user_files/bd/design_1/ip/design_1_Mux_AddSrc_0_0/sim/design_1_Mux_AddSrc_0_0.v" into library xil_defaultlib
INFO: [VRFC 10-311] analyzing module design_1_Mux_AddSrc_0_0
INFO: [VRFC 10-2263] Analyzing Verilog file "D:/SoC examples/RISC-V Multicycle/RISC-V Multicycle.ip_user_files/bd/design_1/ip/design_1_Ins_Data_Memory_0_0/sim/design_1_Ins_Data_Memory_0_0.v" into library xil_defaultlib
INFO: [VRFC 10-311] analyzing module design_1_Ins_Data_Memory_0_0
INFO: [VRFC 10-2263] Analyzing Verilog file "D:/SoC examples/RISC-V Multicycle/RISC-V Multicycle.ip_user_files/bd/design_1/ip/design_1_Register_0_0/sim/design_1_Register_0_0.v" into library xil_defaultlib
INFO: [VRFC 10-311] analyzing module design_1_Register_0_0
INFO: [VRFC 10-2263] Analyzing Verilog file "D:/SoC examples/RISC-V Multicycle/RISC-V Multicycle.ip_user_files/bd/design_1/ip/design_1_Register_IRWrite_1_0/sim/design_1_Register_IRWrite_1_0.v" into library xil_defaultlib
INFO: [VRFC 10-311] analyzing module design_1_Register_IRWrite_1_0
INFO: [VRFC 10-2263] Analyzing Verilog file "D:/SoC examples/RISC-V Multicycle/RISC-V Multicycle.ip_user_files/bd/design_1/ip/design_1_Register_File_0_0/sim/design_1_Register_File_0_0.v" into library xil_defaultlib
INFO: [VRFC 10-311] analyzing module design_1_Register_File_0_0
INFO: [VRFC 10-2263] Analyzing Verilog file "D:/SoC examples/RISC-V Multicycle/RISC-V Multicycle.ip_user_files/bd/design_1/ip/design_1_Extend_0_0/sim/design_1_Extend_0_0.v" into library xil_defaultlib
INFO: [VRFC 10-311] analyzing module design_1_Extend_0_0
INFO: [VRFC 10-2263] Analyzing Verilog file "D:/SoC examples/RISC-V Multicycle/RISC-V Multicycle.ip_user_files/bd/design_1/ip/design_1_Register_1_0/sim/design_1_Register_1_0.v" into library xil_defaultlib
INFO: [VRFC 10-311] analyzing module design_1_Register_1_0
INFO: [VRFC 10-2263] Analyzing Verilog file "D:/SoC examples/RISC-V Multicycle/RISC-V Multicycle.ip_user_files/bd/design_1/ip/design_1_Register_2_0/sim/design_1_Register_2_0.v" into library xil_defaultlib
INFO: [VRFC 10-311] analyzing module design_1_Register_2_0
INFO: [VRFC 10-2263] Analyzing Verilog file "D:/SoC examples/RISC-V Multicycle/RISC-V Multicycle.ip_user_files/bd/design_1/ip/design_1_MUX_ALUSrc_0_0/sim/design_1_MUX_ALUSrc_0_0.v" into library xil_defaultlib
INFO: [VRFC 10-311] analyzing module design_1_MUX_ALUSrc_0_0
INFO: [VRFC 10-2263] Analyzing Verilog file "D:/SoC examples/RISC-V Multicycle/RISC-V Multicycle.ip_user_files/bd/design_1/ip/design_1_MUX_ALUSrc_1_0/sim/design_1_MUX_ALUSrc_1_0.v" into library xil_defaultlib
INFO: [VRFC 10-311] analyzing module design_1_MUX_ALUSrc_1_0
INFO: [VRFC 10-2263] Analyzing Verilog file "D:/SoC examples/RISC-V Multicycle/RISC-V Multicycle.ip_user_files/bd/design_1/ip/design_1_ALU_0_0/sim/design_1_ALU_0_0.v" into library xil_defaultlib
INFO: [VRFC 10-311] analyzing module design_1_ALU_0_0
INFO: [VRFC 10-2263] Analyzing Verilog file "D:/SoC examples/RISC-V Multicycle/RISC-V Multicycle.ip_user_files/bd/design_1/ip/design_1_Register_3_0/sim/design_1_Register_3_0.v" into library xil_defaultlib
INFO: [VRFC 10-311] analyzing module design_1_Register_3_0
INFO: [VRFC 10-2263] Analyzing Verilog file "D:/SoC examples/RISC-V Multicycle/RISC-V Multicycle.ip_user_files/bd/design_1/ip/design_1_MUX_ResultSrc_0_0/sim/design_1_MUX_ResultSrc_0_0.v" into library xil_defaultlib
INFO: [VRFC 10-311] analyzing module design_1_MUX_ResultSrc_0_0
INFO: [VRFC 10-2263] Analyzing Verilog file "D:/SoC examples/RISC-V Multicycle/RISC-V Multicycle.ip_user_files/bd/design_1/ip/design_1_Multicycle_Control_U_0_0/sim/design_1_Multicycle_Control_U_0_0.v" into library xil_defaultlib
INFO: [VRFC 10-311] analyzing module design_1_Multicycle_Control_U_0_0
INFO: [VRFC 10-2263] Analyzing Verilog file "D:/SoC examples/RISC-V Multicycle/RISC-V Multicycle.ip_user_files/bd/design_1/ip/design_1_clk_wiz_0_0/design_1_clk_wiz_0_0_clk_wiz.v" into library xil_defaultlib
INFO: [VRFC 10-311] analyzing module design_1_clk_wiz_0_0_clk_wiz
INFO: [VRFC 10-2263] Analyzing Verilog file "D:/SoC examples/RISC-V Multicycle/RISC-V Multicycle.ip_user_files/bd/design_1/ip/design_1_clk_wiz_0_0/design_1_clk_wiz_0_0.v" into library xil_defaultlib
INFO: [VRFC 10-311] analyzing module design_1_clk_wiz_0_0
INFO: [VRFC 10-2263] Analyzing Verilog file "D:/SoC examples/RISC-V Multicycle/RISC-V Multicycle.ip_user_files/bd/design_1/sim/design_1.v" into library xil_defaultlib
INFO: [VRFC 10-311] analyzing module design_1
INFO: [VRFC 10-2263] Analyzing Verilog file "D:/SoC examples/RISC-V Multicycle/RISC-V Multicycle.gen/sources_1/bd/design_1/hdl/design_1_wrapper.v" into library xil_defaultlib
INFO: [VRFC 10-311] analyzing module design_1_wrapper
