Copyright 1986-2022 Xilinx, Inc. All Rights Reserved. Copyright 2022-2025 Advanced Micro Devices, Inc. All Rights Reserved.
---------------------------------------------------------------------------------------------------------------------------------------------
| Tool Version : Vivado v.2025.2 (win64) Build 6299465 Fri Nov 14 19:35:11 GMT 2025
| Date         : Fri Jul  3 23:10:05 2026
| Host         : vanhuy running 64-bit major release  (build 9200)
| Command      : upgrade_ip
| Device       : xc7a12ticsg325-1L
---------------------------------------------------------------------------------------------------------------------------------------------

Upgrade Log for IP 'design_3_design_FIFO_test_0_0'

1. Summary
----------

SUCCESS in the update of design_3_design_FIFO_test_0_0 (xilinx.com:user:design_FIFO_test:1.0 (Rev. 1)) to current project options.






Copyright 1986-2022 Xilinx, Inc. All Rights Reserved. Copyright 2022-2025 Advanced Micro Devices, Inc. All Rights Reserved.
---------------------------------------------------------------------------------------------------------------------------------------------
| Tool Version : Vivado v.2025.2 (win64) Build 6299465 Fri Nov 14 19:35:11 GMT 2025
| Date         : Fri Jul  3 23:00:12 2026
| Host         : vanhuy running 64-bit major release  (build 9200)
| Command      : upgrade_ip
| Device       : xc7a12ticsg325-1L
---------------------------------------------------------------------------------------------------------------------------------------------

Upgrade Log for IP 'design_3_design_FIFO_test_0_0'

1. Summary
----------

SUCCESS in the update of design_3_design_FIFO_test_0_0 (xilinx.com:user:design_FIFO_test:1.0 (Rev. 1)) to current project options.






Copyright 1986-2022 Xilinx, Inc. All Rights Reserved. Copyright 2022-2025 Advanced Micro Devices, Inc. All Rights Reserved.
---------------------------------------------------------------------------------------------------------------------------------------------
| Tool Version : Vivado v.2025.2 (win64) Build 6299465 Fri Nov 14 19:35:11 GMT 2025
| Date         : Fri Jul  3 22:30:23 2026
| Host         : vanhuy running 64-bit major release  (build 9200)
| Command      : upgrade_ip
| Device       : xc7a12ticsg325-1L
---------------------------------------------------------------------------------------------------------------------------------------------

Upgrade Log for IP 'design_3_design_FIFO_test_0_0'

1. Summary
----------

SUCCESS in the update of design_3_design_FIFO_test_0_0 (xilinx.com:user:design_FIFO_test:1.0 (Rev. 1)) to current project options.






Copyright 1986-2022 Xilinx, Inc. All Rights Reserved. Copyright 2022-2025 Advanced Micro Devices, Inc. All Rights Reserved.
---------------------------------------------------------------------------------------------------------------------------------------------
| Tool Version : Vivado v.2025.2 (win64) Build 6299465 Fri Nov 14 19:35:11 GMT 2025
| Date         : Fri Jul  3 20:47:41 2026
| Host         : vanhuy running 64-bit major release  (build 9200)
| Command      : upgrade_ip
| Device       : xc7a12ticsg325-1L
---------------------------------------------------------------------------------------------------------------------------------------------

Upgrade Log for IP 'design_3_design_FIFO_test_0_0'

1. Summary
----------

SUCCESS in the update of design_3_design_FIFO_test_0_0 (xilinx.com:user:design_FIFO_test:1.0 (Rev. 1)) to current project options.

