Time resolution is 1 ps
==================================================
     RISC-V 5-STAGE PIPELINE TEST
==================================================
[0.0 ns] Assert reset
[100.0 ns] Release external reset
[100.0 ns] Waiting for Clock Wizard...
[555.0 ns] Clock Wizard LOCKED
[565.0 ns] locked=1 C=0 N=0 V=0
[575.0 ns] locked=1 C=0 N=0 V=0
[585.0 ns] locked=1 C=0 N=0 V=0
[595.0 ns] locked=1 C=0 N=0 V=0
[605.0 ns] locked=1 C=0 N=0 V=0
[615.0 ns] locked=1 C=0 N=0 V=0
[625.0 ns] locked=1 C=0 N=0 V=0
[635.0 ns] locked=1 C=0 N=0 V=0
[645.0 ns] locked=1 C=0 N=0 V=0
[655.0 ns] locked=1 C=0 N=0 V=0
[665.0 ns] locked=1 C=0 N=0 V=0
[675.0 ns] locked=1 C=0 N=0 V=0
[685.0 ns] locked=1 C=0 N=0 V=0
[695.0 ns] locked=1 C=0 N=0 V=0
[705.0 ns] locked=1 C=0 N=0 V=0
[715.0 ns] locked=1 C=0 N=0 V=0
[725.0 ns] locked=1 C=0 N=0 V=0
[735.0 ns] locked=1 C=0 N=0 V=0
[745.0 ns] locked=1 C=0 N=0 V=0
[755.0 ns] Start CPU execution
[755.0 ns] locked=1 C=0 N=0 V=0
[765.0 ns] locked=1 C=0 N=0 V=0
[775.0 ns] locked=1 C=0 N=0 V=0
[785.0 ns] locked=1 C=0 N=0 V=0
[795.0 ns] locked=1 C=0 N=0 V=0
[805.0 ns] locked=1 C=0 N=0 V=0
[815.0 ns] locked=1 C=0 N=0 V=0
[825.0 ns] locked=1 C=0 N=0 V=0
[835.0 ns] locked=1 C=0 N=0 V=0
[845.0 ns] locked=1 C=0 N=0 V=0
[855.0 ns] locked=1 C=0 N=0 V=0
[865.0 ns] locked=1 C=0 N=0 V=0
[875.0 ns] locked=1 C=0 N=0 V=0
[885.0 ns] locked=1 C=0 N=0 V=0
[895.0 ns] locked=1 C=0 N=0 V=0
[905.0 ns] locked=1 C=0 N=0 V=0
[915.0 ns] locked=1 C=0 N=0 V=0
[925.0 ns] locked=1 C=0 N=0 V=0
[935.0 ns] locked=1 C=0 N=0 V=0
[945.0 ns] locked=1 C=0 N=0 V=0
[955.0 ns] locked=1 C=0 N=0 V=0
[965.0 ns] locked=1 C=0 N=0 V=0
[975.0 ns] locked=1 C=0 N=0 V=0
[985.0 ns] locked=1 C=0 N=0 V=0
[995.0 ns] locked=1 C=0 N=0 V=0
==================================================
     RISC-V 5-STAGE PIPELINE TEST
==================================================
[0.0 ns] Assert reset
[100.0 ns] Release external reset
[100.0 ns] Waiting for Clock Wizard...
[555.0 ns] Clock Wizard LOCKED
[565.0 ns] locked=1 C=0 N=0 V=0
[575.0 ns] locked=1 C=0 N=0 V=0
[585.0 ns] locked=1 C=0 N=0 V=0
[595.0 ns] locked=1 C=0 N=0 V=0
[605.0 ns] locked=1 C=0 N=0 V=0
[615.0 ns] locked=1 C=0 N=0 V=0
[625.0 ns] locked=1 C=0 N=0 V=0
[635.0 ns] locked=1 C=0 N=0 V=0
[645.0 ns] locked=1 C=0 N=0 V=0
[655.0 ns] locked=1 C=0 N=0 V=0
[665.0 ns] locked=1 C=0 N=0 V=0
[675.0 ns] locked=1 C=0 N=0 V=0
[685.0 ns] locked=1 C=0 N=0 V=0
[695.0 ns] locked=1 C=0 N=0 V=0
[705.0 ns] locked=1 C=0 N=0 V=0
[715.0 ns] locked=1 C=0 N=0 V=0
[725.0 ns] locked=1 C=0 N=0 V=0
[735.0 ns] locked=1 C=0 N=0 V=0
[745.0 ns] locked=1 C=0 N=0 V=0
[755.0 ns] Start CPU execution
[755.0 ns] locked=1 C=0 N=0 V=0
[765.0 ns] locked=1 C=0 N=0 V=0
[775.0 ns] locked=1 C=0 N=0 V=0
[785.0 ns] locked=1 C=0 N=0 V=0
[795.0 ns] locked=1 C=0 N=0 V=0
[805.0 ns] locked=1 C=0 N=0 V=0
[815.0 ns] locked=1 C=0 N=0 V=0
[825.0 ns] locked=1 C=0 N=0 V=0
[835.0 ns] locked=1 C=0 N=0 V=0
[845.0 ns] locked=1 C=0 N=0 V=0
[855.0 ns] locked=1 C=0 N=0 V=0
[865.0 ns] locked=1 C=0 N=0 V=0
[875.0 ns] locked=1 C=0 N=0 V=0
[885.0 ns] locked=1 C=0 N=0 V=0
[895.0 ns] locked=1 C=0 N=0 V=0
[905.0 ns] locked=1 C=0 N=0 V=0
[915.0 ns] locked=1 C=0 N=0 V=0
[925.0 ns] locked=1 C=0 N=0 V=0
[935.0 ns] locked=1 C=0 N=0 V=0
[945.0 ns] locked=1 C=0 N=0 V=0
[955.0 ns] locked=1 C=0 N=0 V=0
[965.0 ns] locked=1 C=0 N=0 V=0
[975.0 ns] locked=1 C=0 N=0 V=0
[985.0 ns] locked=1 C=0 N=0 V=0
[995.0 ns] locked=1 C=0 N=0 V=0
[1005.0 ns] locked=1 C=0 N=0 V=0
[1015.0 ns] locked=1 C=0 N=0 V=0
[1025.0 ns] locked=1 C=0 N=0 V=0
[1035.0 ns] locked=1 C=0 N=0 V=0
[1045.0 ns] locked=1 C=0 N=0 V=0
[1055.0 ns] locked=1 C=0 N=0 V=0
[1065.0 ns] locked=1 C=0 N=0 V=0
[1075.0 ns] locked=1 C=0 N=0 V=0
[1085.0 ns] locked=1 C=1 N=0 V=0
[1095.0 ns] locked=1 C=0 N=0 V=0
[1105.0 ns] locked=1 C=0 N=0 V=0
[1115.0 ns] locked=1 C=0 N=0 V=0
[1125.0 ns] locked=1 C=0 N=0 V=0
[1135.0 ns] locked=1 C=0 N=0 V=0
[1145.0 ns] locked=1 C=0 N=0 V=0
[1155.0 ns] locked=1 C=0 N=0 V=0
[1165.0 ns] locked=1 C=0 N=0 V=0
[1175.0 ns] locked=1 C=1 N=0 V=0
[1185.0 ns] locked=1 C=0 N=0 V=0
[1195.0 ns] locked=1 C=0 N=0 V=0
[1205.0 ns] locked=1 C=0 N=0 V=0
[1215.0 ns] locked=1 C=0 N=0 V=0
[1225.0 ns] locked=1 C=0 N=0 V=0
[1235.0 ns] locked=1 C=0 N=0 V=0
[1245.0 ns] locked=1 C=0 N=0 V=0
[1255.0 ns] locked=1 C=1 N=0 V=0
[1265.0 ns] locked=1 C=0 N=0 V=0
[1275.0 ns] locked=1 C=0 N=0 V=0
==================================================
     RISC-V 5-STAGE PIPELINE TEST
==================================================
[0.0 ns] Assert reset
[100.0 ns] Release external reset
[100.0 ns] Waiting for Clock Wizard...
[555.0 ns] Clock Wizard LOCKED
[565.0 ns] locked=1 C=0 N=0 V=0
[575.0 ns] locked=1 C=0 N=0 V=0
[585.0 ns] locked=1 C=0 N=0 V=0
[595.0 ns] locked=1 C=0 N=0 V=0
[605.0 ns] locked=1 C=0 N=0 V=0
[615.0 ns] locked=1 C=0 N=0 V=0
[625.0 ns] locked=1 C=0 N=0 V=0
[635.0 ns] locked=1 C=0 N=0 V=0
[645.0 ns] locked=1 C=0 N=0 V=0
[655.0 ns] locked=1 C=0 N=0 V=0
[665.0 ns] locked=1 C=0 N=0 V=0
[675.0 ns] locked=1 C=0 N=0 V=0
[685.0 ns] locked=1 C=0 N=0 V=0
[695.0 ns] locked=1 C=0 N=0 V=0
[705.0 ns] locked=1 C=0 N=0 V=0
[715.0 ns] locked=1 C=0 N=0 V=0
[725.0 ns] locked=1 C=0 N=0 V=0
[735.0 ns] locked=1 C=0 N=0 V=0
[745.0 ns] locked=1 C=0 N=0 V=0
[755.0 ns] Start CPU execution
[755.0 ns] locked=1 C=0 N=0 V=0
[765.0 ns] locked=1 C=0 N=0 V=0
[775.0 ns] locked=1 C=0 N=0 V=0
[785.0 ns] locked=1 C=0 N=0 V=0
[795.0 ns] locked=1 C=0 N=0 V=0
[805.0 ns] locked=1 C=0 N=0 V=0
[815.0 ns] locked=1 C=0 N=0 V=0
[825.0 ns] locked=1 C=0 N=0 V=0
[835.0 ns] locked=1 C=0 N=0 V=0
[845.0 ns] locked=1 C=0 N=0 V=0
[855.0 ns] locked=1 C=0 N=0 V=0
[865.0 ns] locked=1 C=0 N=0 V=0
[875.0 ns] locked=1 C=0 N=0 V=0
[885.0 ns] locked=1 C=0 N=0 V=0
[895.0 ns] locked=1 C=0 N=0 V=0
[905.0 ns] locked=1 C=0 N=0 V=0
[915.0 ns] locked=1 C=0 N=0 V=0
[925.0 ns] locked=1 C=0 N=0 V=0
[935.0 ns] locked=1 C=0 N=0 V=0
[945.0 ns] locked=1 C=0 N=0 V=0
[955.0 ns] locked=1 C=0 N=0 V=0
[965.0 ns] locked=1 C=0 N=0 V=0
[975.0 ns] locked=1 C=0 N=0 V=0
[985.0 ns] locked=1 C=0 N=0 V=0
[995.0 ns] locked=1 C=0 N=0 V=0
[1005.0 ns] locked=1 C=0 N=0 V=0
[1015.0 ns] locked=1 C=0 N=0 V=0
[1025.0 ns] locked=1 C=0 N=0 V=0
[1035.0 ns] locked=1 C=0 N=0 V=0
[1045.0 ns] locked=1 C=0 N=0 V=0
[1055.0 ns] locked=1 C=0 N=0 V=0
[1065.0 ns] locked=1 C=0 N=0 V=0
[1075.0 ns] locked=1 C=0 N=0 V=0
[1085.0 ns] locked=1 C=1 N=0 V=0
[1095.0 ns] locked=1 C=0 N=0 V=0
[1105.0 ns] locked=1 C=0 N=0 V=0
[1115.0 ns] locked=1 C=0 N=0 V=0
[1125.0 ns] locked=1 C=0 N=0 V=0
[1135.0 ns] locked=1 C=0 N=0 V=0
[1145.0 ns] locked=1 C=0 N=0 V=0
[1155.0 ns] locked=1 C=0 N=0 V=0
[1165.0 ns] locked=1 C=0 N=0 V=0
[1175.0 ns] locked=1 C=1 N=0 V=0
[1185.0 ns] locked=1 C=0 N=0 V=0
[1195.0 ns] locked=1 C=0 N=0 V=0
[1205.0 ns] locked=1 C=0 N=0 V=0
[1215.0 ns] locked=1 C=0 N=0 V=0
[1225.0 ns] locked=1 C=0 N=0 V=0
[1235.0 ns] locked=1 C=0 N=0 V=0
[1245.0 ns] locked=1 C=0 N=0 V=0
[1255.0 ns] locked=1 C=1 N=0 V=0
[1265.0 ns] locked=1 C=0 N=0 V=0
[1275.0 ns] locked=1 C=0 N=0 V=0
[1285.0 ns] locked=1 C=1 N=0 V=0
[1295.0 ns] locked=1 C=0 N=0 V=0
[1305.0 ns] locked=1 C=0 N=0 V=0
[1315.0 ns] locked=1 C=1 N=0 V=0
[1325.0 ns] locked=1 C=0 N=0 V=0
[1335.0 ns] locked=1 C=0 N=0 V=0
[1345.0 ns] locked=1 C=1 N=0 V=0
[1355.0 ns] locked=1 C=0 N=0 V=0
[1365.0 ns] locked=1 C=0 N=0 V=0
[1375.0 ns] locked=1 C=1 N=0 V=0
[1385.0 ns] locked=1 C=0 N=0 V=0
[1395.0 ns] locked=1 C=0 N=0 V=0
[1405.0 ns] locked=1 C=1 N=0 V=0
==================================================
     RISC-V 5-STAGE PIPELINE TEST
==================================================
[0.0 ns] Assert reset
[100.0 ns] Release external reset
[100.0 ns] Waiting for Clock Wizard...
[555.0 ns] Clock Wizard LOCKED
[565.0 ns] locked=1 C=0 N=0 V=0
[575.0 ns] locked=1 C=0 N=0 V=0
[585.0 ns] locked=1 C=0 N=0 V=0
[595.0 ns] locked=1 C=0 N=0 V=0
[605.0 ns] locked=1 C=0 N=0 V=0
[615.0 ns] locked=1 C=0 N=0 V=0
[625.0 ns] locked=1 C=0 N=0 V=0
[635.0 ns] locked=1 C=0 N=0 V=0
[645.0 ns] locked=1 C=0 N=0 V=0
[655.0 ns] locked=1 C=0 N=0 V=0
[665.0 ns] locked=1 C=0 N=0 V=0
[675.0 ns] locked=1 C=0 N=0 V=0
[685.0 ns] locked=1 C=0 N=0 V=0
[695.0 ns] locked=1 C=0 N=0 V=0
[705.0 ns] locked=1 C=0 N=0 V=0
[715.0 ns] locked=1 C=0 N=0 V=0
[725.0 ns] locked=1 C=0 N=0 V=0
[735.0 ns] locked=1 C=0 N=0 V=0
[745.0 ns] locked=1 C=0 N=0 V=0
[755.0 ns] Start CPU execution
[755.0 ns] locked=1 C=0 N=0 V=0
[765.0 ns] locked=1 C=0 N=0 V=0
[775.0 ns] locked=1 C=0 N=0 V=0
[785.0 ns] locked=1 C=0 N=0 V=0
[795.0 ns] locked=1 C=0 N=0 V=0
[805.0 ns] locked=1 C=0 N=0 V=0
[815.0 ns] locked=1 C=0 N=0 V=0
[825.0 ns] locked=1 C=0 N=0 V=0
[835.0 ns] locked=1 C=0 N=0 V=0
[845.0 ns] locked=1 C=0 N=0 V=0
[855.0 ns] locked=1 C=0 N=0 V=0
[865.0 ns] locked=1 C=0 N=0 V=0
[875.0 ns] locked=1 C=0 N=0 V=0
[885.0 ns] locked=1 C=0 N=0 V=0
[895.0 ns] locked=1 C=0 N=0 V=0
[905.0 ns] locked=1 C=0 N=0 V=0
[915.0 ns] locked=1 C=0 N=0 V=0
[925.0 ns] locked=1 C=0 N=0 V=0
[935.0 ns] locked=1 C=0 N=0 V=0
[945.0 ns] locked=1 C=0 N=0 V=0
[955.0 ns] locked=1 C=0 N=0 V=0
[965.0 ns] locked=1 C=0 N=0 V=0
[975.0 ns] locked=1 C=0 N=0 V=0
[985.0 ns] locked=1 C=0 N=0 V=0
[995.0 ns] locked=1 C=0 N=0 V=0
[1005.0 ns] locked=1 C=0 N=0 V=0
[1015.0 ns] locked=1 C=0 N=0 V=0
[1025.0 ns] locked=1 C=0 N=0 V=0
[1035.0 ns] locked=1 C=0 N=0 V=0
[1045.0 ns] locked=1 C=0 N=0 V=0
[1055.0 ns] locked=1 C=0 N=0 V=0
[1065.0 ns] locked=1 C=0 N=0 V=0
[1075.0 ns] locked=1 C=0 N=0 V=0
[1085.0 ns] locked=1 C=1 N=0 V=0
[1095.0 ns] locked=1 C=0 N=0 V=0
[1105.0 ns] locked=1 C=0 N=0 V=0
[1115.0 ns] locked=1 C=0 N=0 V=0
[1125.0 ns] locked=1 C=0 N=0 V=0
[1135.0 ns] locked=1 C=0 N=0 V=0
[1145.0 ns] locked=1 C=0 N=0 V=0
[1155.0 ns] locked=1 C=0 N=0 V=0
[1165.0 ns] locked=1 C=0 N=0 V=0
[1175.0 ns] locked=1 C=1 N=0 V=0
[1185.0 ns] locked=1 C=0 N=0 V=0
[1195.0 ns] locked=1 C=0 N=0 V=0
==================================================
     RISC-V 5-STAGE PIPELINE TEST
==================================================
[0.0 ns] Assert reset
[100.0 ns] Release external reset
[100.0 ns] Waiting for Clock Wizard...
[555.0 ns] Clock Wizard LOCKED
[565.0 ns] locked=1 C=0 N=0 V=0
[575.0 ns] locked=1 C=0 N=0 V=0
[585.0 ns] locked=1 C=0 N=0 V=0
[595.0 ns] locked=1 C=0 N=0 V=0
[605.0 ns] locked=1 C=0 N=0 V=0
[615.0 ns] locked=1 C=0 N=0 V=0
[625.0 ns] locked=1 C=0 N=0 V=0
[635.0 ns] locked=1 C=0 N=0 V=0
[645.0 ns] locked=1 C=0 N=0 V=0
[655.0 ns] locked=1 C=0 N=0 V=0
[665.0 ns] locked=1 C=0 N=0 V=0
[675.0 ns] locked=1 C=0 N=0 V=0
[685.0 ns] locked=1 C=0 N=0 V=0
[695.0 ns] locked=1 C=0 N=0 V=0
[705.0 ns] locked=1 C=0 N=0 V=0
[715.0 ns] locked=1 C=0 N=0 V=0
[725.0 ns] locked=1 C=0 N=0 V=0
[735.0 ns] locked=1 C=0 N=0 V=0
[745.0 ns] locked=1 C=0 N=0 V=0
[755.0 ns] Start CPU execution
[755.0 ns] locked=1 C=0 N=0 V=0
[765.0 ns] locked=1 C=0 N=0 V=0
[775.0 ns] locked=1 C=0 N=0 V=0
[785.0 ns] locked=1 C=0 N=0 V=0
[795.0 ns] locked=1 C=0 N=0 V=0
[805.0 ns] locked=1 C=0 N=0 V=0
[815.0 ns] locked=1 C=0 N=0 V=0
[825.0 ns] locked=1 C=0 N=0 V=0
[835.0 ns] locked=1 C=0 N=0 V=0
[845.0 ns] locked=1 C=0 N=0 V=0
[855.0 ns] locked=1 C=0 N=0 V=0
[865.0 ns] locked=1 C=0 N=0 V=0
[875.0 ns] locked=1 C=0 N=0 V=0
[885.0 ns] locked=1 C=0 N=0 V=0
[895.0 ns] locked=1 C=0 N=0 V=0
[905.0 ns] locked=1 C=0 N=0 V=0
[915.0 ns] locked=1 C=0 N=0 V=0
[925.0 ns] locked=1 C=0 N=0 V=0
[935.0 ns] locked=1 C=0 N=0 V=0
[945.0 ns] locked=1 C=0 N=0 V=0
[955.0 ns] locked=1 C=0 N=0 V=0
[965.0 ns] locked=1 C=0 N=0 V=0
[975.0 ns] locked=1 C=0 N=0 V=0
[985.0 ns] locked=1 C=0 N=0 V=0
[995.0 ns] locked=1 C=0 N=0 V=0
[1005.0 ns] locked=1 C=0 N=0 V=0
[1015.0 ns] locked=1 C=0 N=0 V=0
[1025.0 ns] locked=1 C=0 N=0 V=0
[1035.0 ns] locked=1 C=0 N=0 V=0
[1045.0 ns] locked=1 C=0 N=0 V=0
[1055.0 ns] locked=1 C=0 N=0 V=0
[1065.0 ns] locked=1 C=0 N=0 V=0
[1075.0 ns] locked=1 C=0 N=0 V=0
[1085.0 ns] locked=1 C=1 N=0 V=0
[1095.0 ns] locked=1 C=0 N=0 V=0
[1105.0 ns] locked=1 C=0 N=0 V=0
[1115.0 ns] locked=1 C=0 N=0 V=0
[1125.0 ns] locked=1 C=0 N=0 V=0
[1135.0 ns] locked=1 C=0 N=0 V=0
[1145.0 ns] locked=1 C=0 N=0 V=0
[1155.0 ns] locked=1 C=0 N=0 V=0
[1165.0 ns] locked=1 C=0 N=0 V=0
[1175.0 ns] locked=1 C=1 N=0 V=0
[1185.0 ns] locked=1 C=0 N=0 V=0
[1195.0 ns] locked=1 C=0 N=0 V=0
[1205.0 ns] locked=1 C=0 N=0 V=0
[1215.0 ns] locked=1 C=0 N=0 V=0
[1225.0 ns] locked=1 C=0 N=0 V=0
[1235.0 ns] locked=1 C=0 N=0 V=0
[1245.0 ns] locked=1 C=0 N=0 V=0
[1255.0 ns] locked=1 C=1 N=0 V=0
[1265.0 ns] locked=1 C=0 N=0 V=0
[1275.0 ns] locked=1 C=0 N=0 V=0
