INFO: [VRFC 10-2263] Analyzing Verilog file "D:/SoC examples/RISCY-V/RISCY-V.srcs/sources_1/new/MUX_PC.v" into library xil_defaultlib
INFO: [VRFC 10-311] analyzing module MUX_PC
INFO: [VRFC 10-2263] Analyzing Verilog file "D:/SoC examples/RISCY-V/RISCY-V.srcs/sources_1/new/PC.v" into library xil_defaultlib
INFO: [VRFC 10-311] analyzing module PC
INFO: [VRFC 10-2263] Analyzing Verilog file "D:/SoC examples/RISCY-V/RISCY-V.srcs/sources_1/new/Instruction_Memory.v" into library xil_defaultlib
INFO: [VRFC 10-311] analyzing module Instruction_Memory
INFO: [VRFC 10-2263] Analyzing Verilog file "D:/SoC examples/RISCY-V/RISCY-V.srcs/sources_1/new/PC_counter.v" into library xil_defaultlib
INFO: [VRFC 10-311] analyzing module PC_counter
INFO: [VRFC 10-2263] Analyzing Verilog file "D:/SoC examples/RISC-V-Pipeline/RISC-V-Pipeline.srcs/sources_1/new/Register_D.v" into library xil_defaultlib
INFO: [VRFC 10-311] analyzing module Register_FD
INFO: [VRFC 10-2263] Analyzing Verilog file "D:/SoC examples/RISCY-V/RISCY-V.srcs/sources_1/new/Register_File.v" into library xil_defaultlib
INFO: [VRFC 10-311] analyzing module Register_File
INFO: [VRFC 10-2263] Analyzing Verilog file "D:/SoC examples/RISCY-V/RISCY-V.srcs/sources_1/new/Extend.v" into library xil_defaultlib
INFO: [VRFC 10-311] analyzing module Extend
INFO: [VRFC 10-2263] Analyzing Verilog file "D:/SoC examples/RISCY-V/RISCY-V.srcs/sources_1/new/ALU_Decoder.v" into library xil_defaultlib
INFO: [VRFC 10-311] analyzing module ALU_Decoder
INFO: [VRFC 10-2263] Analyzing Verilog file "D:/SoC examples/RISCY-V/RISCY-V.srcs/sources_1/new/Main_Decoder.v" into library xil_defaultlib
INFO: [VRFC 10-311] analyzing module Main_Decoder
INFO: [VRFC 10-2263] Analyzing Verilog file "D:/SoC examples/RISCY-V/RISCY-V.srcs/sources_1/new/Control_Unit.v" into library xil_defaultlib
INFO: [VRFC 10-311] analyzing module Control_Unit
INFO: [VRFC 10-2263] Analyzing Verilog file "D:/SoC examples/RISC-V-Pipeline/RISC-V-Pipeline.srcs/sources_1/new/Register_E.v" into library xil_defaultlib
INFO: [VRFC 10-311] analyzing module Register_DE
INFO: [VRFC 10-2263] Analyzing Verilog file "D:/SoC examples/RISC-V-Pipeline/RISC-V-Pipeline.srcs/sources_1/new/MUX_31.v" into library xil_defaultlib
INFO: [VRFC 10-311] analyzing module MUX_31
INFO: [VRFC 10-2263] Analyzing Verilog file "D:/SoC examples/RISCY-V/RISCY-V.srcs/sources_1/new/Mux_ALUSrc.v" into library xil_defaultlib
INFO: [VRFC 10-311] analyzing module Mux_ALUSrc
INFO: [VRFC 10-2263] Analyzing Verilog file "D:/SoC examples/RISCY-V/RISCY-V.srcs/sources_1/new/ALU.v" into library xil_defaultlib
INFO: [VRFC 10-311] analyzing module ALU
INFO: [VRFC 10-2263] Analyzing Verilog file "D:/SoC examples/RISC-V-Pipeline/RISC-V-Pipeline.srcs/sources_1/new/Register_EM.v" into library xil_defaultlib
INFO: [VRFC 10-311] analyzing module Register_EM
INFO: [VRFC 10-2263] Analyzing Verilog file "D:/SoC examples/RISCY-V/RISCY-V.srcs/sources_1/new/Data_Memory.v" into library xil_defaultlib
INFO: [VRFC 10-311] analyzing module Data_Memory
INFO: [VRFC 10-2263] Analyzing Verilog file "D:/SoC examples/RISC-V-Pipeline/RISC-V-Pipeline.srcs/sources_1/new/Register_MW.v" into library xil_defaultlib
INFO: [VRFC 10-311] analyzing module Register_MW
INFO: [VRFC 10-2263] Analyzing Verilog file "D:/SoC examples/RISCY-V/RISCY-V.srcs/sources_1/new/MUX_ResultSrc.v" into library xil_defaultlib
INFO: [VRFC 10-311] analyzing module MUX_ResultSrc
INFO: [VRFC 10-2263] Analyzing Verilog file "D:/SoC examples/RISC-V-Pipeline/RISC-V-Pipeline.srcs/sources_1/new/AND_OR.v" into library xil_defaultlib
INFO: [VRFC 10-311] analyzing module AND_OR
INFO: [VRFC 10-2263] Analyzing Verilog file "D:/SoC examples/RISCY-V/RISCY-V.srcs/sources_1/new/PCTarget.v" into library xil_defaultlib
INFO: [VRFC 10-311] analyzing module PCTarget
INFO: [VRFC 10-2263] Analyzing Verilog file "D:/SoC examples/RISC-V-Pipeline/RISC-V-Pipeline.srcs/sources_1/new/Hazard_Unit.v" into library xil_defaultlib
INFO: [VRFC 10-311] analyzing module Hazard_Unit
INFO: [VRFC 10-2263] Analyzing Verilog file "D:/SoC examples/RISC-V-Pipeline/RISC-V-Pipeline.ip_user_files/bd/design_1/ip/design_1_MUX_PC_0_0/sim/design_1_MUX_PC_0_0.v" into library xil_defaultlib
INFO: [VRFC 10-311] analyzing module design_1_MUX_PC_0_0
INFO: [VRFC 10-2263] Analyzing Verilog file "D:/SoC examples/RISC-V-Pipeline/RISC-V-Pipeline.ip_user_files/bd/design_1/ip/design_1_PC_0_0/sim/design_1_PC_0_0.v" into library xil_defaultlib
INFO: [VRFC 10-311] analyzing module design_1_PC_0_0
INFO: [VRFC 10-2263] Analyzing Verilog file "D:/SoC examples/RISC-V-Pipeline/RISC-V-Pipeline.ip_user_files/bd/design_1/ip/design_1_Instruction_Memory_0_0/sim/design_1_Instruction_Memory_0_0.v" into library xil_defaultlib
INFO: [VRFC 10-311] analyzing module design_1_Instruction_Memory_0_0
INFO: [VRFC 10-2263] Analyzing Verilog file "D:/SoC examples/RISC-V-Pipeline/RISC-V-Pipeline.ip_user_files/bd/design_1/ip/design_1_PC_counter_0_0/sim/design_1_PC_counter_0_0.v" into library xil_defaultlib
INFO: [VRFC 10-311] analyzing module design_1_PC_counter_0_0
INFO: [VRFC 10-2263] Analyzing Verilog file "D:/SoC examples/RISC-V-Pipeline/RISC-V-Pipeline.ip_user_files/bd/design_1/ip/design_1_Register_FD_0_0/sim/design_1_Register_FD_0_0.v" into library xil_defaultlib
INFO: [VRFC 10-311] analyzing module design_1_Register_FD_0_0
INFO: [VRFC 10-2263] Analyzing Verilog file "D:/SoC examples/RISC-V-Pipeline/RISC-V-Pipeline.ip_user_files/bd/design_1/ip/design_1_Register_File_0_0/sim/design_1_Register_File_0_0.v" into library xil_defaultlib
INFO: [VRFC 10-311] analyzing module design_1_Register_File_0_0
INFO: [VRFC 10-2263] Analyzing Verilog file "D:/SoC examples/RISC-V-Pipeline/RISC-V-Pipeline.ip_user_files/bd/design_1/ip/design_1_Extend_0_0/sim/design_1_Extend_0_0.v" into library xil_defaultlib
INFO: [VRFC 10-311] analyzing module design_1_Extend_0_0
INFO: [VRFC 10-2263] Analyzing Verilog file "D:/SoC examples/RISC-V-Pipeline/RISC-V-Pipeline.ip_user_files/bd/design_1/ip/design_1_Control_Unit_0_0/sim/design_1_Control_Unit_0_0.v" into library xil_defaultlib
INFO: [VRFC 10-311] analyzing module design_1_Control_Unit_0_0
INFO: [VRFC 10-2263] Analyzing Verilog file "D:/SoC examples/RISC-V-Pipeline/RISC-V-Pipeline.ip_user_files/bd/design_1/ip/design_1_Register_DE_0_0/sim/design_1_Register_DE_0_0.v" into library xil_defaultlib
INFO: [VRFC 10-311] analyzing module design_1_Register_DE_0_0
INFO: [VRFC 10-2263] Analyzing Verilog file "D:/SoC examples/RISC-V-Pipeline/RISC-V-Pipeline.ip_user_files/bd/design_1/ip/design_1_MUX_31_0_0/sim/design_1_MUX_31_0_0.v" into library xil_defaultlib
INFO: [VRFC 10-311] analyzing module design_1_MUX_31_0_0
INFO: [VRFC 10-2263] Analyzing Verilog file "D:/SoC examples/RISC-V-Pipeline/RISC-V-Pipeline.ip_user_files/bd/design_1/ip/design_1_MUX_31_1_0/sim/design_1_MUX_31_1_0.v" into library xil_defaultlib
INFO: [VRFC 10-311] analyzing module design_1_MUX_31_1_0
INFO: [VRFC 10-2263] Analyzing Verilog file "D:/SoC examples/RISC-V-Pipeline/RISC-V-Pipeline.ip_user_files/bd/design_1/ip/design_1_Mux_ALUSrc_0_0/sim/design_1_Mux_ALUSrc_0_0.v" into library xil_defaultlib
INFO: [VRFC 10-311] analyzing module design_1_Mux_ALUSrc_0_0
INFO: [VRFC 10-2263] Analyzing Verilog file "D:/SoC examples/RISC-V-Pipeline/RISC-V-Pipeline.ip_user_files/bd/design_1/ip/design_1_ALU_0_0/sim/design_1_ALU_0_0.v" into library xil_defaultlib
INFO: [VRFC 10-311] analyzing module design_1_ALU_0_0
INFO: [VRFC 10-2263] Analyzing Verilog file "D:/SoC examples/RISC-V-Pipeline/RISC-V-Pipeline.ip_user_files/bd/design_1/ip/design_1_Register_EM_0_0/sim/design_1_Register_EM_0_0.v" into library xil_defaultlib
INFO: [VRFC 10-311] analyzing module design_1_Register_EM_0_0
INFO: [VRFC 10-2263] Analyzing Verilog file "D:/SoC examples/RISC-V-Pipeline/RISC-V-Pipeline.ip_user_files/bd/design_1/ip/design_1_Data_Memory_0_0/sim/design_1_Data_Memory_0_0.v" into library xil_defaultlib
INFO: [VRFC 10-311] analyzing module design_1_Data_Memory_0_0
INFO: [VRFC 10-2263] Analyzing Verilog file "D:/SoC examples/RISC-V-Pipeline/RISC-V-Pipeline.ip_user_files/bd/design_1/ip/design_1_Register_MW_0_0/sim/design_1_Register_MW_0_0.v" into library xil_defaultlib
INFO: [VRFC 10-311] analyzing module design_1_Register_MW_0_0
INFO: [VRFC 10-2263] Analyzing Verilog file "D:/SoC examples/RISC-V-Pipeline/RISC-V-Pipeline.ip_user_files/bd/design_1/ip/design_1_MUX_ResultSrc_0_0/sim/design_1_MUX_ResultSrc_0_0.v" into library xil_defaultlib
INFO: [VRFC 10-311] analyzing module design_1_MUX_ResultSrc_0_0
INFO: [VRFC 10-2263] Analyzing Verilog file "D:/SoC examples/RISC-V-Pipeline/RISC-V-Pipeline.ip_user_files/bd/design_1/ip/design_1_AND_OR_0_0/sim/design_1_AND_OR_0_0.v" into library xil_defaultlib
INFO: [VRFC 10-311] analyzing module design_1_AND_OR_0_0
INFO: [VRFC 10-2263] Analyzing Verilog file "D:/SoC examples/RISC-V-Pipeline/RISC-V-Pipeline.ip_user_files/bd/design_1/ip/design_1_PCTarget_0_1/sim/design_1_PCTarget_0_1.v" into library xil_defaultlib
INFO: [VRFC 10-311] analyzing module design_1_PCTarget_0_1
INFO: [VRFC 10-2263] Analyzing Verilog file "D:/SoC examples/RISC-V-Pipeline/RISC-V-Pipeline.ip_user_files/bd/design_1/ip/design_1_Hazard_Unit_0_0/sim/design_1_Hazard_Unit_0_0.v" into library xil_defaultlib
INFO: [VRFC 10-311] analyzing module design_1_Hazard_Unit_0_0
INFO: [VRFC 10-2263] Analyzing Verilog file "D:/SoC examples/RISC-V-Pipeline/RISC-V-Pipeline.ip_user_files/bd/design_1/ip/design_1_clk_wiz_0_0/design_1_clk_wiz_0_0_clk_wiz.v" into library xil_defaultlib
INFO: [VRFC 10-311] analyzing module design_1_clk_wiz_0_0_clk_wiz
INFO: [VRFC 10-2263] Analyzing Verilog file "D:/SoC examples/RISC-V-Pipeline/RISC-V-Pipeline.ip_user_files/bd/design_1/ip/design_1_clk_wiz_0_0/design_1_clk_wiz_0_0.v" into library xil_defaultlib
INFO: [VRFC 10-311] analyzing module design_1_clk_wiz_0_0
INFO: [VRFC 10-2263] Analyzing Verilog file "D:/SoC examples/RISC-V-Pipeline/RISC-V-Pipeline.ip_user_files/bd/design_1/sim/design_1.v" into library xil_defaultlib
INFO: [VRFC 10-311] analyzing module design_1
INFO: [VRFC 10-2263] Analyzing Verilog file "D:/SoC examples/RISC-V-Pipeline/RISC-V-Pipeline.gen/sources_1/bd/design_1/hdl/design_1_wrapper.v" into library xil_defaultlib
INFO: [VRFC 10-311] analyzing module design_1_wrapper
